// Jest Snapshot v1, https://goo.gl/fbAQLP

exports[`Dashboard Screen Snapshot should match snapshot 1`] = `
<View
  style={
    {
      "backgroundColor": "#ffffff",
    }
  }
  testID="dashboard-container"
>
  <Text
    style={
      {
        "color": "#0a0a0a",
      }
    }
    testID="dashboard-title"
  >
    Dashboard
  </Text>
</View>
`;
